// Jest Snapshot v1, https://goo.gl/fbAQLP

exports[`Contacts successfully rendered 1`] = `
Array [
  .c1 {
  max-width: 1366px;
  width: 100%;
  margin: 0 auto;
}

.c0 {
  z-index: 5;
  position: fixed;
  top: 0;
  left: 50%;
  width: 100vw;
  -webkit-transform: translateX(-50%);
  -ms-transform: translateX(-50%);
  transform: translateX(-50%);
  background-color: rgba(26,26,26,0.9);
}

.c2 {
  display: -webkit-box;
  display: -webkit-flex;
  display: -ms-flexbox;
  display: flex;
  -webkit-align-items: flex-start;
  -webkit-box-align: flex-start;
  -ms-flex-align: flex-start;
  align-items: flex-start;
  min-height: 74px;
  padding-top: 23px;
  padding-right: 33px;
  padding-bottom: 23px;
  padding-left: 32px;
}

.c3 {
  margin-right: 250px;
}

.c4 {
  display: -webkit-box;
  display: -webkit-flex;
  display: -ms-flexbox;
  display: flex;
  -webkit-flex-wrap: wrap;
  -ms-flex-wrap: wrap;
  flex-wrap: wrap;
  -webkit-align-items: flex-start;
  -webkit-box-align: flex-start;
  -ms-flex-align: flex-start;
  align-items: flex-start;
  max-width: 600px;
  margin: 0;
  padding: 0;
  padding-top: 17px;
  padding-bottom: 17px;
  margin-bottom: -10px;
  list-style: none;
}

.c5:not(:last-child) {
  margin-right: 49px;
  margin-bottom: 10px;
}

.c6 {
  display: block;
  max-width: 100px;
  font-size: 14px;
  line-height: 16px;
  -webkit-letter-spacing: 0.03em;
  -moz-letter-spacing: 0.03em;
  -ms-letter-spacing: 0.03em;
  letter-spacing: 0.03em;
  font-weight: 600;
  text-transform: uppercase;
  color: #F0F0F0;
  color: #F2890F;
}

.c6:focus,
.c6:hover {
  color: #F2890F;
}

.c7 {
  display: block;
  max-width: 100px;
  font-size: 14px;
  line-height: 16px;
  -webkit-letter-spacing: 0.03em;
  -moz-letter-spacing: 0.03em;
  -ms-letter-spacing: 0.03em;
  letter-spacing: 0.03em;
  font-weight: 600;
  text-transform: uppercase;
  color: #F0F0F0;
}

.c7:focus,
.c7:hover {
  color: #F2890F;
}

.c8 {
  margin-top: 17px;
  margin-left: auto;
  font-size: 14px;
  line-height: 16px;
  -webkit-letter-spacing: 0.03em;
  -moz-letter-spacing: 0.03em;
  -ms-letter-spacing: 0.03em;
  letter-spacing: 0.03em;
  font-weight: 600;
  color: #F0F0F0;
  font-feature-settings: 'pnum' on,'lnum' on;
}

.c8:focus,
.c8:hover {
  color: #F2890F;
}

@media (max-width:1300px) {
  .c3 {
    margin-right: auto;
  }
}

<header
    className="c0"
  >
    <div
      className="c1 c2"
    >
      <a
        className="c3"
      >
        <img
          alt="Логотип Escape Room"
          className=""
          height="50"
          src="logo.svg"
          width="134"
        />
      </a>
      <nav
        className=""
      >
        <ul
          className="c4"
        >
          <li
            className="c5"
          >
            <a
              className="c6"
              href="/"
              onClick={[Function]}
            >
              Квесты
            </a>
          </li>
          <li
            className="c5"
          >
            <a
              className="c7"
              data-test="test-header-link-click"
              href="/"
              onClick={[Function]}
            >
              Новичкам
            </a>
          </li>
          <li
            className="c5"
          >
            <a
              className="c7"
              data-test="test-header-link-click"
              href="/"
              onClick={[Function]}
            >
              Отзывы
            </a>
          </li>
          <li
            className="c5"
          >
            <a
              className="c7"
              data-test="test-header-link-click"
              href="/"
              onClick={[Function]}
            >
              Акции
            </a>
          </li>
          <li
            className="c5"
          >
            <a
              className="c7"
              href="/contacts"
              onClick={[Function]}
            >
              Контакты
            </a>
          </li>
        </ul>
      </nav>
      <a
        className="c8"
        href="tel:88003335599"
      >
        8 (800) 333-55-99
      </a>
    </div>
  </header>,
  .c2 {
  display: -webkit-box;
  display: -webkit-flex;
  display: -ms-flexbox;
  display: flex;
  -webkit-flex-direction: column-reverse;
  -ms-flex-direction: column-reverse;
  flex-direction: column-reverse;
  margin-bottom: 48px;
}

.c5 {
  margin: 0;
  margin-bottom: 9px;
  padding: 0;
  font-size: 14px;
  line-height: 144%;
  color: #F2890F;
}

.c4 {
  margin: 0;
  padding: 0;
  font-size: 64px;
  line-height: 110%;
  font-weight: 800;
  color: #FFFFFF;
}

.c0 {
  display: -webkit-box;
  display: -webkit-flex;
  display: -ms-flexbox;
  display: flex;
  -webkit-flex-direction: column;
  -ms-flex-direction: column;
  flex-direction: column;
  width: 100vw;
  min-height: 100vh;
  background-image: url(contacts-bg.jpg);
  background-repeat: no-repeat;
  background-position: top left;
  background-color: #1A1A1A;
  background-size: cover;
}

.c1 {
  max-width: 1080px;
  -webkit-flex-shrink: 0;
  -ms-flex-negative: 0;
  flex-shrink: 0;
  width: 100%;
  margin: 0 auto;
  margin-top: 136px;
  margin-bottom: 40px;
}

.c3 {
  margin-bottom: 46px;
  padding-bottom: 29px;
  padding-left: 6px;
  border-bottom: 0.5px solid rgba(230,230,230,0.25);
}

.c6 {
  display: -webkit-box;
  display: -webkit-flex;
  display: -ms-flexbox;
  display: flex;
}

.c7 {
  width: 233px;
  margin: 0;
  margin-left: 30px;
  padding: 0;
  padding-top: 14px;
}

.c8 {
  margin-bottom: 5px;
  font-size: 14px;
  line-height: 140%;
  font-weight: 700;
  -webkit-letter-spacing: -0.02em;
  -moz-letter-spacing: -0.02em;
  -ms-letter-spacing: -0.02em;
  letter-spacing: -0.02em;
  color: #E6E6E6;
}

.c9 {
  margin: 0;
  padding: 0;
  color: #E6E6E6;
}

.c9:not(:last-of-type) {
  margin-bottom: 30px;
}

.c10 {
  font-style: normal;
}

.c11 {
  position: relative;
  display: -webkit-box;
  display: -webkit-flex;
  display: -ms-flexbox;
  display: flex;
  width: 649px;
  height: 336px;
  margin-left: auto;
}

@media (max-width:1300px) {

}

<main
    className="c0"
  >
    <div
      className="c1"
    >
      <div
        className="c2 c3"
      >
        <h1
          className="c4"
        >
          Контакты
        </h1>
        <p
          className="c5"
        >
          квесты в Санкт-Петербурге
        </p>
      </div>
      <div
        className="c6"
      >
        <dl
          className="c7"
        >
          <dt
            className="c8"
          >
            Адрес
          </dt>
          <dd
            className="c9"
          >
            <address
              className="c10"
            >
              Санкт-Петербург,
              <br />
              Набережная реки Карповка, д 5
            </address>
          </dd>
          <dt
            className="c8"
          >
            Режим работы
          </dt>
          <dd
            className="c9"
          >
            Ежедневно, с 9:00 до 20:00
          </dd>
          <dt
            className="c8"
          >
            Телефон
          </dt>
          <dd
            className="c9"
          >
            <a
              className=""
              href="tel:8 (800) 333-55-99"
            >
              8 (800) 333-55-99
            </a>
          </dd>
          <dt
            className="c8"
          >
            E-mail
          </dt>
          <dd
            className="c9"
          >
            <a
              className=""
              href="mailto:info@escape-room.ru"
            >
              info@escape-room.ru
            </a>
          </dd>
        </dl>
        <div
          className="c11"
        >
          <div
            style={
              Object {
                "height": "100%",
                "left": 0,
                "position": "absolute",
                "top": 0,
                "width": "100%",
              }
            }
          />
        </div>
      </div>
    </div>
  </main>,
  .c0 {
  z-index: 5;
  position: fixed;
  bottom: 24px;
  left: 32px;
}

.c1 {
  display: -webkit-box;
  display: -webkit-flex;
  display: -ms-flexbox;
  display: flex;
  -webkit-flex-wrap: wrap;
  -ms-flex-wrap: wrap;
  flex-wrap: wrap;
  -webkit-align-items: flex-start;
  -webkit-box-align: flex-start;
  -ms-flex-align: flex-start;
  align-items: flex-start;
  max-width: 500px;
  margin: 0;
  margin-bottom: -7px;
  padding: 0;
  list-style: none;
}

.c2:not(:last-of-type) {
  margin-right: 7px;
  margin-bottom: 7px;
}

.c3 {
  display: block;
}

.c4 {
  display: -webkit-box;
  display: -webkit-flex;
  display: -ms-flexbox;
  display: flex;
}

.c4 image {
  -webkit-filter: grayscale(1);
  filter: grayscale(1);
}

.c4:focus image,
.c4:hover image {
  -webkit-filter: grayscale(0);
  filter: grayscale(0);
}

.c5 {
  display: -webkit-box;
  display: -webkit-flex;
  display: -ms-flexbox;
  display: flex;
}

.c5 circle {
  fill: #c6c4c2;
}

.c5 path {
  fill: #1A1A1A;
}

.c5:focus circle,
.c5:hover circle {
  fill: #4f779f;
}

.c5:focus path,
.c5:hover path {
  fill: white;
}

@media (max-width:1300px) {

}

<footer
    className="c0"
  >
    <ul
      className="c1"
    >
      <li
        className="c2"
      >
        <a
          className="c3"
          href="https://instagram.com"
          target="_blank"
        >
          <svg
            className="c4"
          >
            icon-instagram-hover.svg
          </svg>
          <span
            className="visually-hidden"
          >
            Инстаграм
          </span>
        </a>
      </li>
      <li
        className="c2"
      >
        <a
          className="c3"
          href="https://vk.com"
          target="_blank"
        >
          <svg
            className="c5"
          >
            icon-vk-hover.svg
          </svg>
          <span
            className="visually-hidden"
          >
            Вконтакте
          </span>
        </a>
      </li>
    </ul>
  </footer>,
]
`;
