// Jest Snapshot v1, https://goo.gl/fbAQLP

exports[`BookingModal successfully rendered 1`] = `
Array [
  "",
  .c0 {
  display: -webkit-box;
  display: -webkit-flex;
  display: -ms-flexbox;
  display: flex;
  -webkit-flex-wrap: wrap;
  -ms-flex-wrap: wrap;
  flex-wrap: wrap;
  margin: 0;
  margin-bottom: 20px;
  padding: 0;
  list-style: none;
}

.c1 {
  display: -webkit-box;
  display: -webkit-flex;
  display: -ms-flexbox;
  display: flex;
  -webkit-align-items: center;
  -webkit-box-align: center;
  -ms-flex-align: center;
  align-items: center;
  min-height: 40px;
  max-width: 190px;
  margin-bottom: 20px;
}

.c1:not(:last-of-type) {
  padding-right: 40px;
  margin-right: 39px;
  border-right: 1px solid rgba(255,255,255,0.32);
}

.c2 {
  display: -webkit-box;
  display: -webkit-flex;
  display: -ms-flexbox;
  display: flex;
  -webkit-align-items: center;
  -webkit-box-align: center;
  -ms-flex-align: center;
  align-items: center;
  padding: 0;
  font-family: inherit;
  font-size: 14px;
  line-height: 140%;
  -webkit-letter-spacing: -0.02em;
  -moz-letter-spacing: -0.02em;
  -ms-letter-spacing: -0.02em;
  letter-spacing: -0.02em;
  font-weight: 700;
  color: #E6E6E6;
  background: transparent;
  border: none;
  cursor: pointer;
}

.c2 svg {
  -webkit-flex-shrink: 0;
  -ms-flex-negative: 0;
  flex-shrink: 0;
}

.c2:focus span,
.c2:hover span {
  border-bottom: 2px solid #F2890F;
}

.c2 span {
  border-bottom: 2px solid #F2890F;
}

.c4 {
  display: -webkit-box;
  display: -webkit-flex;
  display: -ms-flexbox;
  display: flex;
  -webkit-align-items: center;
  -webkit-box-align: center;
  -ms-flex-align: center;
  align-items: center;
  padding: 0;
  font-family: inherit;
  font-size: 14px;
  line-height: 140%;
  -webkit-letter-spacing: -0.02em;
  -moz-letter-spacing: -0.02em;
  -ms-letter-spacing: -0.02em;
  letter-spacing: -0.02em;
  font-weight: 700;
  color: #E6E6E6;
  background: transparent;
  border: none;
  cursor: pointer;
}

.c4 svg {
  -webkit-flex-shrink: 0;
  -ms-flex-negative: 0;
  flex-shrink: 0;
}

.c4:focus span,
.c4:hover span {
  border-bottom: 2px solid #F2890F;
}

.c3 {
  margin-left: 13px;
  padding-top: 4px;
  padding-bottom: 3px;
  border-bottom: 2px solid transparent;
}

@media (max-width:1110px) {
  .c0 {
    -webkit-align-self: center;
    -ms-flex-item-align: center;
    align-self: center;
  }
}

@media (max-width:1110px) {
  .c1:not(:last-of-type) {
    padding-right: 30px;
    margin-right: 29px;
  }
}

@media (max-width:1150px) {

}

@media (max-width:1150px) {

}

<ul
    className="c0"
  >
    <li
      className="c1"
    >
      <button
        className="c2"
        onClick={[Function]}
        type="button"
      >
        <svg>
          icon-all-quests.svg
        </svg>
        <span
          className="c3"
        >
          Все квесты
        </span>
      </button>
    </li>
    <li
      className="c1"
    >
      <button
        className="c4"
        onClick={[Function]}
        type="button"
      >
        <svg>
          icon-adventures.svg
        </svg>
        <span
          className="c3"
        >
          Приключения
        </span>
      </button>
    </li>
    <li
      className="c1"
    >
      <button
        className="c4"
        onClick={[Function]}
        type="button"
      >
        <svg>
          icon-horrors.svg
        </svg>
        <span
          className="c3"
        >
          Ужасы
        </span>
      </button>
    </li>
    <li
      className="c1"
    >
      <button
        className="c4"
        onClick={[Function]}
        type="button"
      >
        <svg>
          icon-mystic.svg
        </svg>
        <span
          className="c3"
        >
          Мистика
        </span>
      </button>
    </li>
    <li
      className="c1"
    >
      <button
        className="c4"
        onClick={[Function]}
        type="button"
      >
        <svg>
          icon-detective.svg
        </svg>
        <span
          className="c3"
        >
          Детектив
        </span>
      </button>
    </li>
    <li
      className="c1"
    >
      <button
        className="c4"
        onClick={[Function]}
        type="button"
      >
        <svg>
          icon-scifi.svg
        </svg>
        <span
          className="c3"
        >
          Sci-fi
        </span>
      </button>
    </li>
  </ul>,
  .c0 {
  display: grid;
  grid-template-columns: repeat(3,344px);
  gap: 32px 24px;
  margin: 0;
  padding: 0;
  list-style: none;
}

.c1 {
  display: -webkit-box;
  display: -webkit-flex;
  display: -ms-flexbox;
  display: flex;
  -webkit-flex-direction: column;
  -ms-flex-direction: column;
  flex-direction: column;
}

.c2 {
  position: relative;
  display: -webkit-box;
  display: -webkit-flex;
  display: -ms-flexbox;
  display: flex;
  -webkit-flex-direction: column;
  -ms-flex-direction: column;
  flex-direction: column;
  min-width: 344px;
  min-height: 232px;
}

.c2::after {
  content: '';
  z-index: 2;
  position: absolute;
  bottom: 0;
  left: 0;
  width: 100%;
  height: 160px;
  background-image: linear-gradient( 0.36deg, rgba(28,27,27,0.9) 5.23%, rgba(46,46,46,0) 98.38% );
  border-radius: 3px;
}

.c4 {
  position: relative;
  z-index: 3;
  display: -webkit-box;
  display: -webkit-flex;
  display: -ms-flexbox;
  display: flex;
  -webkit-flex-direction: column;
  -ms-flex-direction: column;
  flex-direction: column;
  padding: 20px;
  margin-top: auto;
}

.c5 {
  max-width: 264px;
  max-height: 59px;
  margin: 0;
  margin-bottom: 16px;
  padding: 0;
  font-size: 24px;
  line-height: 120%;
  font-weight: 700;
  color: #FFFFFF;
  word-break: break-word;
  overflow: hidden;
}

.c3 {
  z-index: 1;
  position: absolute;
  top: 0;
  left: 0;
  width: 100%;
  height: 100%;
  border-radius: 4px;
}

.c6 {
  display: -webkit-box;
  display: -webkit-flex;
  display: -ms-flexbox;
  display: flex;
  margin: 0;
  padding: 0;
  list-style: none;
}

.c7 {
  display: -webkit-box;
  display: -webkit-flex;
  display: -ms-flexbox;
  display: flex;
  -webkit-align-items: center;
  -webkit-box-align: center;
  -ms-flex-align: center;
  align-items: center;
  min-height: 20px;
  max-width: 100px;
  max-height: 50px;
  word-break: break-word;
  overflow: hidden;
  font-size: 13px;
  line-height: 144%;
  color: #E6E6E6;
}

.c7:not(:last-of-type) {
  padding-right: 13px;
  margin-right: 12px;
  border-right: 1px solid rgba(255,255,255,0.5);
}

.c7 svg {
  -webkit-flex-shrink: 0;
  -ms-flex-negative: 0;
  flex-shrink: 0;
  margin-right: 9px;
  margin-bottom: 2px;
}

@media (max-width:1110px) {

}

@media (max-width:1110px) {

}

@media (max-width:1150px) {
  .c0 {
    grid-template-columns: repeat(3,minmax(303px,1fr));
  }
}

@media (max-width:1150px) {
  .c2 {
    min-width: 303px;
    min-height: 204px;
  }
}

<ul
    className="c0"
  >
    <li
      className=""
    >
      <a
        className="c1"
        href="/detailed-quest/1"
        onClick={[Function]}
      >
        <article
          className="c2"
        >
          <img
            alt="квест Маньяк"
            className="c3"
            height="232"
            src="/img/cover-sklep.jpg"
            width="344"
          />
          <div
            className="c4"
          >
            <h2
              className="c5"
            >
              Склеп
            </h2>
            <ul
              className="c6"
            >
              <li
                className="c7"
              >
                <svg>
                  icon-person.svg
                </svg>
                2–5 чел
              </li>
              <li
                className="c7"
              >
                <svg>
                  icon-puzzle.svg
                </svg>
                сложный
              </li>
            </ul>
          </div>
        </article>
      </a>
    </li>
    <li
      className=""
    >
      <a
        className="c1"
        href="/detailed-quest/2"
        onClick={[Function]}
      >
        <article
          className="c2"
        >
          <img
            alt="квест Маньяк"
            className="c3"
            height="232"
            src="/img/cover-maniac.jpg"
            width="344"
          />
          <div
            className="c4"
          >
            <h2
              className="c5"
            >
              Маньяк
            </h2>
            <ul
              className="c6"
            >
              <li
                className="c7"
              >
                <svg>
                  icon-person.svg
                </svg>
                3–6 чел
              </li>
              <li
                className="c7"
              >
                <svg>
                  icon-puzzle.svg
                </svg>
                средний
              </li>
            </ul>
          </div>
        </article>
      </a>
    </li>
    <li
      className=""
    >
      <a
        className="c1"
        href="/detailed-quest/3"
        onClick={[Function]}
      >
        <article
          className="c2"
        >
          <img
            alt="квест Маньяк"
            className="c3"
            height="232"
            src="/img/cover-ritual.jpg"
            width="344"
          />
          <div
            className="c4"
          >
            <h2
              className="c5"
            >
              Ритуал
            </h2>
            <ul
              className="c6"
            >
              <li
                className="c7"
              >
                <svg>
                  icon-person.svg
                </svg>
                3–5 чел
              </li>
              <li
                className="c7"
              >
                <svg>
                  icon-puzzle.svg
                </svg>
                сложный
              </li>
            </ul>
          </div>
        </article>
      </a>
    </li>
    <li
      className=""
    >
      <a
        className="c1"
        href="/detailed-quest/4"
        onClick={[Function]}
      >
        <article
          className="c2"
        >
          <img
            alt="квест Маньяк"
            className="c3"
            height="232"
            src="/img/cover-final-frontier.jpg"
            width="344"
          />
          <div
            className="c4"
          >
            <h2
              className="c5"
            >
              Тайны старого особняка
            </h2>
            <ul
              className="c6"
            >
              <li
                className="c7"
              >
                <svg>
                  icon-person.svg
                </svg>
                2–5 чел
              </li>
              <li
                className="c7"
              >
                <svg>
                  icon-puzzle.svg
                </svg>
                простой
              </li>
            </ul>
          </div>
        </article>
      </a>
    </li>
    <li
      className=""
    >
      <a
        className="c1"
        href="/detailed-quest/5"
        onClick={[Function]}
      >
        <article
          className="c2"
        >
          <img
            alt="квест Маньяк"
            className="c3"
            height="232"
            src="/img/cover-house-in-the-woods.jpg"
            width="344"
          />
          <div
            className="c4"
          >
            <h2
              className="c5"
            >
              Хижина в лесу
            </h2>
            <ul
              className="c6"
            >
              <li
                className="c7"
              >
                <svg>
                  icon-person.svg
                </svg>
                4–7 чел
              </li>
              <li
                className="c7"
              >
                <svg>
                  icon-puzzle.svg
                </svg>
                средний
              </li>
            </ul>
          </div>
        </article>
      </a>
    </li>
    <li
      className=""
    >
      <a
        className="c1"
        href="/detailed-quest/6"
        onClick={[Function]}
      >
        <article
          className="c2"
        >
          <img
            alt="квест Маньяк"
            className="c3"
            height="232"
            src="/img/cover-fatal-exp.jpg"
            width="344"
          />
          <div
            className="c4"
          >
            <h2
              className="c5"
            >
              Фатальный эксперимент
            </h2>
            <ul
              className="c6"
            >
              <li
                className="c7"
              >
                <svg>
                  icon-person.svg
                </svg>
                5–8 чел
              </li>
              <li
                className="c7"
              >
                <svg>
                  icon-puzzle.svg
                </svg>
                сложный
              </li>
            </ul>
          </div>
        </article>
      </a>
    </li>
  </ul>,
]
`;
